// Jest Snapshot v1, https://goo.gl/fbAQLP

exports[`renders correctly 1`] = `
<textarea
  className="c-textarea"
  onBlur={[Function]}
  onChange={[Function]}
/>
`;
