// Jest Snapshot v1, https://goo.gl/fbAQLP

exports[`renders correctly 1`] = `
<div
  className="di mr3 my3"
>
  <label>
    
  </label>
  <input
    className="ml2 pa2 ba br2 color-border-grey-3 f2"
    onBlur={[Function]}
    onChange={[Function]}
    type="text"
  />
</div>
`;
