// Jest Snapshot v1, https://goo.gl/fbAQLP

exports[`renders correctly 1`] = `
<div
  className="di mt3 mr3 tl"
>
  <label>
    
  </label>
  <div
    className="di f3 ml3"
  />
</div>
`;
