// Jest Snapshot v1, https://goo.gl/fbAQLP

exports[`renders correctly 1`] = `
<div
  className="di mr3"
>
  <label>
    
  </label>
  <select
    className="pa2 ma3 w4 f3 color-bg-white color-border-grey-3"
    onChange={[Function]}
  />
</div>
`;
